{
  "title": "RestAssured course",
  "author": "ExecuteAutomation",
  "id": 6
}
